00:00 +0: loading D:/AppDev/mine_flow/Code/mine-flow-app/test/widget_test.dart
00:00 +0: (setUpAll)
00:00 +0: app launches without crashing
00:01 +1: (tearDownAll)
00:01 +1: All tests passed!
